ASSIGNMENT 7: DBMS
1.
SQL> CREATE OR REPLACE PROCEDURE display_ticket_header(ticket_number IN NUMBER)
    IS
      v_total_fare NUMBER(5,3);
    BEGIN
      SELECT total_fare INTO v_total_fare FROM ticket_header WHERE ticket_no = ticket_number;
      IF v_total_fare is NULL THEN
        DBMS_OUTPUT.PUT_LINE('Error: Total fare is null for ticket number ' );
      ELSE
        DBMS_OUTPUT.PUT_LINE(v_total_fare);
     END IF;
   END;
   /

Procedure created.

SQL> call display_ticket_header(1);
60

Call completed.

2. SQL> CREATE OR REPLACE PROCEDURE
      DISPLAY_ROUTE_HEADER(ROUTE_ID IN NUMBER) IS V_CAT_CODE NUMBER(5,3);
      BEGIN
      SELECT CAT_CODE INTO V_CAT_CODE FROM ROUTE_HEADER
      WHERE ROUTE_ID=DISPLAY_ROUTE_HEADER.ROUTE_ID;
     IF V_CAT_CODE = 1 THEN
      UPDATE ROUTE_HEADER  SET ROUTE_HEADER.CAPACITY= 25 WHERE ROUTE_ID=DISPLAY_ROUTE_HEADER.ROUTE_ID;
     ELSIF V_CAT_CODE = 2 THEN
      UPDATE ROUTE_HEADER  SET ROUTE_HEADER.CAPACITY= 50 WHERE ROUTE_ID=DISPLAY_ROUTE_HEADER.ROUTE_ID;
    ELSE
     DBMS_OUTPUT.PUT_LINE('ERROR');
    END IF;
    END;
   /

SQL> CALL DISPLAY_ROUTE_HEADER(105);

Call completed.

SQL> select route_id,cat_code,capacity from route_header;

  ROUTE_ID   CAT_CODE   CAPACITY
---------- ---------- ----------
       101          1         50
       102          2         50
       103          3         50
       105          1         25
       106          2         50
       107          3         50
       108          4         50

7 rows selected.
SQL> CALL DISPLAY_ROUTE_HEADER(103);
ERROR

Call completed.